// Jest Snapshot v1, https://goo.gl/fbAQLP

exports[`renders Header correctly 1`] = `
<DocumentFragment>
  <header
    class="govuk-header"
    data-module="govuk-header"
  >
    <div
      class="govuk-header__container govuk-width-container"
    >
      <div
        class="govuk-header__logo"
      >
        <a
          class="govuk-header__link govuk-header__link--homepage"
          href="#"
        >
          <svg
            aria-label="GOV.UK"
            class="govuk-header__logotype"
            focusable="false"
            height="30"
            role="img"
            viewBox="0 0 148 30"
            width="148"
            xmlns="http://www.w3.org/2000/svg"
          >
            <title>
              GOV.UK
            </title>
          </svg>
        </a>
      </div>
    </div>
  </header>
</DocumentFragment>
`;
